Welcome, please login to use the program. 
To start type login: 
Please enter a valid username: 
You have been logged in!

Please enter a command!
For a list of commands type 'help'


Command given: create

Please enter a valid username: 
Please enter a valid usertype: 
Creating the user: USER123 with a usertype of: AA
User created!
Daily transaction file string: 01_USER_____________AA_______________________________0__0.0_____0

Please enter a command!
For a list of commands type 'help'