Welcome, please login to use the program. 
To exit type exit, To start type login: 
Please enter a valid username: 
You have been logged in!

Please enter a command!
For a list of commands type 'help': Daily transaction file string: 00_USER___________AA____________________________________0_0.00___00

Printing Daily Transactions:00_USER___________AA____________________________________0_0.00___00
You have been successfully logged out!
Welcome, please login to use the program. 
To exit type exit, To start type login: Thank you for using our program!